Archive member included because of file (symbol)

c:/program files (x86)/atmel/atmel toolchain/avr8 gcc/native/3.4.2.1002/avr8-gnu-toolchain/bin/../lib/gcc/avr/4.7.2/avr5\libgcc.a(_udivmodsi4.o)
                              Us.o (__udivmodsi4)
c:/program files (x86)/atmel/atmel toolchain/avr8 gcc/native/3.4.2.1002/avr8-gnu-toolchain/bin/../lib/gcc/avr/4.7.2/avr5\libgcc.a(_exit.o)
                              c:/program files (x86)/atmel/atmel toolchain/avr8 gcc/native/3.4.2.1002/avr8-gnu-toolchain/bin/../lib/gcc/avr/4.7.2/../../../../avr/lib/avr5/crtm32.o (exit)
c:/program files (x86)/atmel/atmel toolchain/avr8 gcc/native/3.4.2.1002/avr8-gnu-toolchain/bin/../lib/gcc/avr/4.7.2/avr5\libgcc.a(_copy_data.o)
                              ICU.o (__do_copy_data)
c:/program files (x86)/atmel/atmel toolchain/avr8 gcc/native/3.4.2.1002/avr8-gnu-toolchain/bin/../lib/gcc/avr/4.7.2/avr5\libgcc.a(_clear_bss.o)
                              ICU.o (__do_clear_bss)
c:/program files (x86)/atmel/atmel toolchain/avr8 gcc/native/3.4.2.1002/avr8-gnu-toolchain/bin/../lib/gcc/avr/4.7.2/avr5\libgcc.a(_umulhisi3.o)
                              PWM.o (__umulhisi3)

Discarded input sections

 .bss           0x00000000        0x0 c:/program files (x86)/atmel/atmel toolchain/avr8 gcc/native/3.4.2.1002/avr8-gnu-toolchain/bin/../lib/gcc/avr/4.7.2/../../../../avr/lib/avr5/crtm32.o
 .text          0x00000000        0x0 CAR_2.o
 .bss           0x00000000        0x0 CAR_2.o
 .text          0x00000000        0x0 car_sm.o
 .bss           0x00000000        0x0 car_sm.o
 .text          0x00000000        0x0 DIO.o
 .bss           0x00000000        0x0 DIO.o
 .text.DIO_Read
                0x00000000       0x7e DIO.o
 .text.DIO_Toggle
                0x00000000       0x3c DIO.o
 .text          0x00000000        0x0 ICU.o
 .bss           0x00000000        0x0 ICU.o
 .text          0x00000000        0x0 motor.o
 .bss           0x00000000        0x0 motor.o
 .text.Motor_SpeedUpdate
                0x00000000       0x2e motor.o
 .text.Motor_Stop
                0x00000000       0x22 motor.o
 .text.Motor_GetStatus
                0x00000000        0x4 motor.o
 .text          0x00000000        0x0 PWM.o
 .bss           0x00000000        0x0 PWM.o
 .text.Pwm_Update
                0x00000000       0x56 PWM.o
 .text.Pwm_Stop
                0x00000000       0x46 PWM.o
 .text          0x00000000        0x0 softwareDelay.o
 .bss           0x00000000        0x0 softwareDelay.o
 .text.softwareDelayus
                0x00000000       0x72 softwareDelay.o
 .text          0x00000000        0x0 Steering.o
 .bss           0x00000000        0x0 Steering.o
 .text          0x00000000        0x0 Timer.o
 .bss           0x00000000        0x0 Timer.o
 .text.Timer_Stop
                0x00000000       0x4c Timer.o
 .text.Timer_GetStatus
                0x00000000       0x38 Timer.o
 .text.Timer_GetValue
                0x00000000       0x40 Timer.o
 .text.Timer_SetValue
                0x00000000       0x24 Timer.o
 .text          0x00000000        0x0 Us.o
 .bss           0x00000000        0x0 Us.o
 .text          0x00000000        0x0 c:/program files (x86)/atmel/atmel toolchain/avr8 gcc/native/3.4.2.1002/avr8-gnu-toolchain/bin/../lib/gcc/avr/4.7.2/avr5\libgcc.a(_udivmodsi4.o)
 .bss           0x00000000        0x0 c:/program files (x86)/atmel/atmel toolchain/avr8 gcc/native/3.4.2.1002/avr8-gnu-toolchain/bin/../lib/gcc/avr/4.7.2/avr5\libgcc.a(_udivmodsi4.o)
 .text.libgcc.mul
                0x00000000        0x0 c:/program files (x86)/atmel/atmel toolchain/avr8 gcc/native/3.4.2.1002/avr8-gnu-toolchain/bin/../lib/gcc/avr/4.7.2/avr5\libgcc.a(_udivmodsi4.o)
 .text.libgcc   0x00000000        0x0 c:/program files (x86)/atmel/atmel toolchain/avr8 gcc/native/3.4.2.1002/avr8-gnu-toolchain/bin/../lib/gcc/avr/4.7.2/avr5\libgcc.a(_udivmodsi4.o)
 .text.libgcc.prologue
                0x00000000        0x0 c:/program files (x86)/atmel/atmel toolchain/avr8 gcc/native/3.4.2.1002/avr8-gnu-toolchain/bin/../lib/gcc/avr/4.7.2/avr5\libgcc.a(_udivmodsi4.o)
 .text.libgcc.builtins
                0x00000000        0x0 c:/program files (x86)/atmel/atmel toolchain/avr8 gcc/native/3.4.2.1002/avr8-gnu-toolchain/bin/../lib/gcc/avr/4.7.2/avr5\libgcc.a(_udivmodsi4.o)
 .text.libgcc.fmul
                0x00000000        0x0 c:/program files (x86)/atmel/atmel toolchain/avr8 gcc/native/3.4.2.1002/avr8-gnu-toolchain/bin/../lib/gcc/avr/4.7.2/avr5\libgcc.a(_udivmodsi4.o)
 .text          0x00000000        0x0 c:/program files (x86)/atmel/atmel toolchain/avr8 gcc/native/3.4.2.1002/avr8-gnu-toolchain/bin/../lib/gcc/avr/4.7.2/avr5\libgcc.a(_exit.o)
 .bss           0x00000000        0x0 c:/program files (x86)/atmel/atmel toolchain/avr8 gcc/native/3.4.2.1002/avr8-gnu-toolchain/bin/../lib/gcc/avr/4.7.2/avr5\libgcc.a(_exit.o)
 .text.libgcc.mul
                0x00000000        0x0 c:/program files (x86)/atmel/atmel toolchain/avr8 gcc/native/3.4.2.1002/avr8-gnu-toolchain/bin/../lib/gcc/avr/4.7.2/avr5\libgcc.a(_exit.o)
 .text.libgcc.div
                0x00000000        0x0 c:/program files (x86)/atmel/atmel toolchain/avr8 gcc/native/3.4.2.1002/avr8-gnu-toolchain/bin/../lib/gcc/avr/4.7.2/avr5\libgcc.a(_exit.o)
 .text.libgcc   0x00000000        0x0 c:/program files (x86)/atmel/atmel toolchain/avr8 gcc/native/3.4.2.1002/avr8-gnu-toolchain/bin/../lib/gcc/avr/4.7.2/avr5\libgcc.a(_exit.o)
 .text.libgcc.prologue
                0x00000000        0x0 c:/program files (x86)/atmel/atmel toolchain/avr8 gcc/native/3.4.2.1002/avr8-gnu-toolchain/bin/../lib/gcc/avr/4.7.2/avr5\libgcc.a(_exit.o)
 .text.libgcc.builtins
                0x00000000        0x0 c:/program files (x86)/atmel/atmel toolchain/avr8 gcc/native/3.4.2.1002/avr8-gnu-toolchain/bin/../lib/gcc/avr/4.7.2/avr5\libgcc.a(_exit.o)
 .text.libgcc.fmul
                0x00000000        0x0 c:/program files (x86)/atmel/atmel toolchain/avr8 gcc/native/3.4.2.1002/avr8-gnu-toolchain/bin/../lib/gcc/avr/4.7.2/avr5\libgcc.a(_exit.o)
 .text          0x00000000        0x0 c:/program files (x86)/atmel/atmel toolchain/avr8 gcc/native/3.4.2.1002/avr8-gnu-toolchain/bin/../lib/gcc/avr/4.7.2/avr5\libgcc.a(_copy_data.o)
 .bss           0x00000000        0x0 c:/program files (x86)/atmel/atmel toolchain/avr8 gcc/native/3.4.2.1002/avr8-gnu-toolchain/bin/../lib/gcc/avr/4.7.2/avr5\libgcc.a(_copy_data.o)
 .text.libgcc.mul
                0x00000000        0x0 c:/program files (x86)/atmel/atmel toolchain/avr8 gcc/native/3.4.2.1002/avr8-gnu-toolchain/bin/../lib/gcc/avr/4.7.2/avr5\libgcc.a(_copy_data.o)
 .text.libgcc.div
                0x00000000        0x0 c:/program files (x86)/atmel/atmel toolchain/avr8 gcc/native/3.4.2.1002/avr8-gnu-toolchain/bin/../lib/gcc/avr/4.7.2/avr5\libgcc.a(_copy_data.o)
 .text.libgcc   0x00000000        0x0 c:/program files (x86)/atmel/atmel toolchain/avr8 gcc/native/3.4.2.1002/avr8-gnu-toolchain/bin/../lib/gcc/avr/4.7.2/avr5\libgcc.a(_copy_data.o)
 .text.libgcc.prologue
                0x00000000        0x0 c:/program files (x86)/atmel/atmel toolchain/avr8 gcc/native/3.4.2.1002/avr8-gnu-toolchain/bin/../lib/gcc/avr/4.7.2/avr5\libgcc.a(_copy_data.o)
 .text.libgcc.builtins
                0x00000000        0x0 c:/program files (x86)/atmel/atmel toolchain/avr8 gcc/native/3.4.2.1002/avr8-gnu-toolchain/bin/../lib/gcc/avr/4.7.2/avr5\libgcc.a(_copy_data.o)
 .text.libgcc.fmul
                0x00000000        0x0 c:/program files (x86)/atmel/atmel toolchain/avr8 gcc/native/3.4.2.1002/avr8-gnu-toolchain/bin/../lib/gcc/avr/4.7.2/avr5\libgcc.a(_copy_data.o)
 .text          0x00000000        0x0 c:/program files (x86)/atmel/atmel toolchain/avr8 gcc/native/3.4.2.1002/avr8-gnu-toolchain/bin/../lib/gcc/avr/4.7.2/avr5\libgcc.a(_clear_bss.o)
 .bss           0x00000000        0x0 c:/program files (x86)/atmel/atmel toolchain/avr8 gcc/native/3.4.2.1002/avr8-gnu-toolchain/bin/../lib/gcc/avr/4.7.2/avr5\libgcc.a(_clear_bss.o)
 .text.libgcc.mul
                0x00000000        0x0 c:/program files (x86)/atmel/atmel toolchain/avr8 gcc/native/3.4.2.1002/avr8-gnu-toolchain/bin/../lib/gcc/avr/4.7.2/avr5\libgcc.a(_clear_bss.o)
 .text.libgcc.div
                0x00000000        0x0 c:/program files (x86)/atmel/atmel toolchain/avr8 gcc/native/3.4.2.1002/avr8-gnu-toolchain/bin/../lib/gcc/avr/4.7.2/avr5\libgcc.a(_clear_bss.o)
 .text.libgcc   0x00000000        0x0 c:/program files (x86)/atmel/atmel toolchain/avr8 gcc/native/3.4.2.1002/avr8-gnu-toolchain/bin/../lib/gcc/avr/4.7.2/avr5\libgcc.a(_clear_bss.o)
 .text.libgcc.prologue
                0x00000000        0x0 c:/program files (x86)/atmel/atmel toolchain/avr8 gcc/native/3.4.2.1002/avr8-gnu-toolchain/bin/../lib/gcc/avr/4.7.2/avr5\libgcc.a(_clear_bss.o)
 .text.libgcc.builtins
                0x00000000        0x0 c:/program files (x86)/atmel/atmel toolchain/avr8 gcc/native/3.4.2.1002/avr8-gnu-toolchain/bin/../lib/gcc/avr/4.7.2/avr5\libgcc.a(_clear_bss.o)
 .text.libgcc.fmul
                0x00000000        0x0 c:/program files (x86)/atmel/atmel toolchain/avr8 gcc/native/3.4.2.1002/avr8-gnu-toolchain/bin/../lib/gcc/avr/4.7.2/avr5\libgcc.a(_clear_bss.o)
 .text          0x00000000        0x0 c:/program files (x86)/atmel/atmel toolchain/avr8 gcc/native/3.4.2.1002/avr8-gnu-toolchain/bin/../lib/gcc/avr/4.7.2/avr5\libgcc.a(_umulhisi3.o)
 .bss           0x00000000        0x0 c:/program files (x86)/atmel/atmel toolchain/avr8 gcc/native/3.4.2.1002/avr8-gnu-toolchain/bin/../lib/gcc/avr/4.7.2/avr5\libgcc.a(_umulhisi3.o)
 .text.libgcc.div
                0x00000000        0x0 c:/program files (x86)/atmel/atmel toolchain/avr8 gcc/native/3.4.2.1002/avr8-gnu-toolchain/bin/../lib/gcc/avr/4.7.2/avr5\libgcc.a(_umulhisi3.o)
 .text.libgcc   0x00000000        0x0 c:/program files (x86)/atmel/atmel toolchain/avr8 gcc/native/3.4.2.1002/avr8-gnu-toolchain/bin/../lib/gcc/avr/4.7.2/avr5\libgcc.a(_umulhisi3.o)
 .text.libgcc.prologue
                0x00000000        0x0 c:/program files (x86)/atmel/atmel toolchain/avr8 gcc/native/3.4.2.1002/avr8-gnu-toolchain/bin/../lib/gcc/avr/4.7.2/avr5\libgcc.a(_umulhisi3.o)
 .text.libgcc.builtins
                0x00000000        0x0 c:/program files (x86)/atmel/atmel toolchain/avr8 gcc/native/3.4.2.1002/avr8-gnu-toolchain/bin/../lib/gcc/avr/4.7.2/avr5\libgcc.a(_umulhisi3.o)
 .text.libgcc.fmul
                0x00000000        0x0 c:/program files (x86)/atmel/atmel toolchain/avr8 gcc/native/3.4.2.1002/avr8-gnu-toolchain/bin/../lib/gcc/avr/4.7.2/avr5\libgcc.a(_umulhisi3.o)

Memory Configuration

Name             Origin             Length             Attributes
text             0x00000000         0x00020000         xr
data             0x00800060         0x0000ffa0         rw !x
eeprom           0x00810000         0x00010000         rw !x
fuse             0x00820000         0x00000400         rw !x
lock             0x00830000         0x00000400         rw !x
signature        0x00840000         0x00000400         rw !x
user_signatures  0x00850000         0x00000400         rw !x
*default*        0x00000000         0xffffffff

Linker script and memory map

LOAD c:/program files (x86)/atmel/atmel toolchain/avr8 gcc/native/3.4.2.1002/avr8-gnu-toolchain/bin/../lib/gcc/avr/4.7.2/../../../../avr/lib/avr5/crtm32.o
LOAD CAR_2.o
LOAD car_sm.o
LOAD DIO.o
LOAD ICU.o
LOAD motor.o
LOAD PWM.o
LOAD softwareDelay.o
LOAD Steering.o
LOAD Timer.o
LOAD Us.o
START GROUP
LOAD c:/program files (x86)/atmel/atmel toolchain/avr8 gcc/native/3.4.2.1002/avr8-gnu-toolchain/bin/../lib/gcc/avr/4.7.2/../../../../avr/lib/avr5\libm.a
END GROUP
LOAD c:/program files (x86)/atmel/atmel toolchain/avr8 gcc/native/3.4.2.1002/avr8-gnu-toolchain/bin/../lib/gcc/avr/4.7.2/avr5\libgcc.a
LOAD c:/program files (x86)/atmel/atmel toolchain/avr8 gcc/native/3.4.2.1002/avr8-gnu-toolchain/bin/../lib/gcc/avr/4.7.2/../../../../avr/lib/avr5\libc.a
LOAD c:/program files (x86)/atmel/atmel toolchain/avr8 gcc/native/3.4.2.1002/avr8-gnu-toolchain/bin/../lib/gcc/avr/4.7.2/avr5\libgcc.a

.hash
 *(.hash)

.dynsym
 *(.dynsym)

.dynstr
 *(.dynstr)

.gnu.version
 *(.gnu.version)

.gnu.version_d
 *(.gnu.version_d)

.gnu.version_r
 *(.gnu.version_r)

.rel.init
 *(.rel.init)

.rela.init
 *(.rela.init)

.rel.text
 *(.rel.text)
 *(.rel.text.*)
 *(.rel.gnu.linkonce.t*)

.rela.text
 *(.rela.text)
 *(.rela.text.*)
 *(.rela.gnu.linkonce.t*)

.rel.fini
 *(.rel.fini)

.rela.fini
 *(.rela.fini)

.rel.rodata
 *(.rel.rodata)
 *(.rel.rodata.*)
 *(.rel.gnu.linkonce.r*)

.rela.rodata
 *(.rela.rodata)
 *(.rela.rodata.*)
 *(.rela.gnu.linkonce.r*)

.rel.data
 *(.rel.data)
 *(.rel.data.*)
 *(.rel.gnu.linkonce.d*)

.rela.data
 *(.rela.data)
 *(.rela.data.*)
 *(.rela.gnu.linkonce.d*)

.rel.ctors
 *(.rel.ctors)

.rela.ctors
 *(.rela.ctors)

.rel.dtors
 *(.rel.dtors)

.rela.dtors
 *(.rela.dtors)

.rel.got
 *(.rel.got)

.rela.got
 *(.rela.got)

.rel.bss
 *(.rel.bss)

.rela.bss
 *(.rela.bss)

.rel.plt
 *(.rel.plt)

.rela.plt
 *(.rela.plt)

.text           0x00000000      0xc74
 *(.vectors)
 .vectors       0x00000000       0x54 c:/program files (x86)/atmel/atmel toolchain/avr8 gcc/native/3.4.2.1002/avr8-gnu-toolchain/bin/../lib/gcc/avr/4.7.2/../../../../avr/lib/avr5/crtm32.o
                0x00000000                __vector_default
                0x00000000                __vectors
 *(.vectors)
 *(.progmem.gcc*)
 *(.progmem*)
                0x00000054                . = ALIGN (0x2)
                0x00000054                __trampolines_start = .
 *(.trampolines)
 .trampolines   0x00000054        0x0 linker stubs
 *(.trampolines*)
                0x00000054                __trampolines_end = .
 *(.jumptables)
 *(.jumptables*)
 *(.lowtext)
 *(.lowtext*)
                0x00000054                __ctors_start = .
 *(.ctors)
                0x00000054                __ctors_end = .
                0x00000054                __dtors_start = .
 *(.dtors)
                0x00000054                __dtors_end = .
 SORT(*)(.ctors)
 SORT(*)(.dtors)
 *(.init0)
 .init0         0x00000054        0x0 c:/program files (x86)/atmel/atmel toolchain/avr8 gcc/native/3.4.2.1002/avr8-gnu-toolchain/bin/../lib/gcc/avr/4.7.2/../../../../avr/lib/avr5/crtm32.o
                0x00000054                __init
 *(.init0)
 *(.init1)
 *(.init1)
 *(.init2)
 .init2         0x00000054        0xc c:/program files (x86)/atmel/atmel toolchain/avr8 gcc/native/3.4.2.1002/avr8-gnu-toolchain/bin/../lib/gcc/avr/4.7.2/../../../../avr/lib/avr5/crtm32.o
 *(.init2)
 *(.init3)
 *(.init3)
 *(.init4)
 .init4         0x00000060       0x16 c:/program files (x86)/atmel/atmel toolchain/avr8 gcc/native/3.4.2.1002/avr8-gnu-toolchain/bin/../lib/gcc/avr/4.7.2/avr5\libgcc.a(_copy_data.o)
                0x00000060                __do_copy_data
 .init4         0x00000076       0x10 c:/program files (x86)/atmel/atmel toolchain/avr8 gcc/native/3.4.2.1002/avr8-gnu-toolchain/bin/../lib/gcc/avr/4.7.2/avr5\libgcc.a(_clear_bss.o)
                0x00000076                __do_clear_bss
 *(.init4)
 *(.init5)
 *(.init5)
 *(.init6)
 *(.init6)
 *(.init7)
 *(.init7)
 *(.init8)
 *(.init8)
 *(.init9)
 .init9         0x00000086        0x8 c:/program files (x86)/atmel/atmel toolchain/avr8 gcc/native/3.4.2.1002/avr8-gnu-toolchain/bin/../lib/gcc/avr/4.7.2/../../../../avr/lib/avr5/crtm32.o
 *(.init9)
 *(.text)
 .text          0x0000008e        0x4 c:/program files (x86)/atmel/atmel toolchain/avr8 gcc/native/3.4.2.1002/avr8-gnu-toolchain/bin/../lib/gcc/avr/4.7.2/../../../../avr/lib/avr5/crtm32.o
                0x0000008e                __vector_1
                0x0000008e                __vector_12
                0x0000008e                __bad_interrupt
                0x0000008e                __vector_6
                0x0000008e                __vector_11
                0x0000008e                __vector_13
                0x0000008e                __vector_17
                0x0000008e                __vector_19
                0x0000008e                __vector_7
                0x0000008e                __vector_5
                0x0000008e                __vector_4
                0x0000008e                __vector_9
                0x0000008e                __vector_2
                0x0000008e                __vector_15
                0x0000008e                __vector_8
                0x0000008e                __vector_14
                0x0000008e                __vector_10
                0x0000008e                __vector_16
                0x0000008e                __vector_18
                0x0000008e                __vector_20
                0x00000092                . = ALIGN (0x2)
 *(.text.*)
 .text.main     0x00000092       0x22 CAR_2.o
                0x00000092                main
 .text.Car_SM_Init
                0x000000b4        0xc car_sm.o
                0x000000b4                Car_SM_Init
 .text.Car_SM_Update
                0x000000c0       0x9a car_sm.o
                0x000000c0                Car_SM_Update
 .text.DIO_init
                0x0000015a       0x88 DIO.o
                0x0000015a                DIO_init
 .text.DIO_Write
                0x000001e2       0x6c DIO.o
                0x000001e2                DIO_Write
 .text.SwICU_SetCfgEdge
                0x0000024e       0x18 ICU.o
 .text.Icu_Init
                0x00000266       0xaa ICU.o
                0x00000266                Icu_Init
 .text.Icu_ReadTime
                0x00000310       0x90 ICU.o
                0x00000310                Icu_ReadTime
 .text.__vector_3
                0x000003a0       0x7e ICU.o
                0x000003a0                __vector_3
 .text.Motor_Init
                0x0000041e       0x9c motor.o
                0x0000041e                Motor_Init
 .text.Motor_Direction
                0x000004ba       0xc2 motor.o
                0x000004ba                Motor_Direction
 .text.Motor_Start
                0x0000057c       0x2e motor.o
                0x0000057c                Motor_Start
 .text.Pwm_Init
                0x000005aa      0x15c PWM.o
                0x000005aa                Pwm_Init
 .text.Pwm_Start
                0x00000706       0x7e PWM.o
                0x00000706                Pwm_Start
 .text.softwareDelayMs
                0x00000784       0xa8 softwareDelay.o
                0x00000784                softwareDelayMs
 .text.Steering_Init
                0x0000082c       0x30 Steering.o
                0x0000082c                Steering_Init
 .text.Steering_SteerCar
                0x0000085c       0x82 Steering.o
                0x0000085c                Steering_SteerCar
 .text.Timer_Init
                0x000008de      0x212 Timer.o
                0x000008de                Timer_Init
 .text.Timer_Start
                0x00000af0       0x4c Timer.o
                0x00000af0                Timer_Start
 .text.Us_Init  0x00000b3c       0x5e Us.o
                0x00000b3c                Us_Init
 .text.Us_Trigger
                0x00000b9a       0x24 Us.o
                0x00000b9a                Us_Trigger
 .text.Us_GetDistance
                0x00000bbe       0x56 Us.o
                0x00000bbe                Us_GetDistance
 .text.libgcc.div
                0x00000c14       0x44 c:/program files (x86)/atmel/atmel toolchain/avr8 gcc/native/3.4.2.1002/avr8-gnu-toolchain/bin/../lib/gcc/avr/4.7.2/avr5\libgcc.a(_udivmodsi4.o)
                0x00000c14                __udivmodsi4
 .text.libgcc.mul
                0x00000c58       0x18 c:/program files (x86)/atmel/atmel toolchain/avr8 gcc/native/3.4.2.1002/avr8-gnu-toolchain/bin/../lib/gcc/avr/4.7.2/avr5\libgcc.a(_umulhisi3.o)
                0x00000c58                __umulhisi3
                0x00000c70                . = ALIGN (0x2)
 *(.fini9)
 .fini9         0x00000c70        0x0 c:/program files (x86)/atmel/atmel toolchain/avr8 gcc/native/3.4.2.1002/avr8-gnu-toolchain/bin/../lib/gcc/avr/4.7.2/avr5\libgcc.a(_exit.o)
                0x00000c70                _exit
                0x00000c70                exit
 *(.fini9)
 *(.fini8)
 *(.fini8)
 *(.fini7)
 *(.fini7)
 *(.fini6)
 *(.fini6)
 *(.fini5)
 *(.fini5)
 *(.fini4)
 *(.fini4)
 *(.fini3)
 *(.fini3)
 *(.fini2)
 *(.fini2)
 *(.fini1)
 *(.fini1)
 *(.fini0)
 .fini0         0x00000c70        0x4 c:/program files (x86)/atmel/atmel toolchain/avr8 gcc/native/3.4.2.1002/avr8-gnu-toolchain/bin/../lib/gcc/avr/4.7.2/avr5\libgcc.a(_exit.o)
 *(.fini0)
                0x00000c74                _etext = .

.data           0x00800060        0x2 load address 0x00000c74
                0x00800060                PROVIDE (__data_start, .)
 *(.data)
 .data          0x00800060        0x0 c:/program files (x86)/atmel/atmel toolchain/avr8 gcc/native/3.4.2.1002/avr8-gnu-toolchain/bin/../lib/gcc/avr/4.7.2/../../../../avr/lib/avr5/crtm32.o
 .data          0x00800060        0x0 CAR_2.o
 .data          0x00800060        0x0 car_sm.o
 .data          0x00800060        0x0 DIO.o
 .data          0x00800060        0x0 ICU.o
 .data          0x00800060        0x0 motor.o
 .data          0x00800060        0x0 PWM.o
 .data          0x00800060        0x0 softwareDelay.o
 .data          0x00800060        0x0 Steering.o
 .data          0x00800060        0x0 Timer.o
 .data          0x00800060        0x0 Us.o
 .data          0x00800060        0x0 c:/program files (x86)/atmel/atmel toolchain/avr8 gcc/native/3.4.2.1002/avr8-gnu-toolchain/bin/../lib/gcc/avr/4.7.2/avr5\libgcc.a(_udivmodsi4.o)
 .data          0x00800060        0x0 c:/program files (x86)/atmel/atmel toolchain/avr8 gcc/native/3.4.2.1002/avr8-gnu-toolchain/bin/../lib/gcc/avr/4.7.2/avr5\libgcc.a(_exit.o)
 .data          0x00800060        0x0 c:/program files (x86)/atmel/atmel toolchain/avr8 gcc/native/3.4.2.1002/avr8-gnu-toolchain/bin/../lib/gcc/avr/4.7.2/avr5\libgcc.a(_copy_data.o)
 .data          0x00800060        0x0 c:/program files (x86)/atmel/atmel toolchain/avr8 gcc/native/3.4.2.1002/avr8-gnu-toolchain/bin/../lib/gcc/avr/4.7.2/avr5\libgcc.a(_clear_bss.o)
 .data          0x00800060        0x0 c:/program files (x86)/atmel/atmel toolchain/avr8 gcc/native/3.4.2.1002/avr8-gnu-toolchain/bin/../lib/gcc/avr/4.7.2/avr5\libgcc.a(_umulhisi3.o)
 *(.data*)
 .data.gu8_INT_Edge
                0x00800060        0x1 ICU.o
 *(.rodata)
 *(.rodata*)
 *(.gnu.linkonce.d*)
                0x00800062                . = ALIGN (0x2)
 *fill*         0x00800061        0x1 
                0x00800062                _edata = .
                0x00800062                PROVIDE (__data_end, .)

.bss            0x00800062        0xa
                0x00800062                PROVIDE (__bss_start, .)
 *(.bss)
 *(.bss*)
 .bss.gu8_ICU_R
                0x00800062        0x1 ICU.o
 .bss.gu8_ICU_R_TO_R
                0x00800063        0x1 ICU.o
 .bss.gu16_PWM_CH1A_Prescaler
                0x00800064        0x2 PWM.o
 .bss.gu16_PWM_CH1B_Prescaler
                0x00800066        0x2 PWM.o
 .bss.gu8_Timer0_Prescaler
                0x00800068        0x1 Timer.o
 .bss.gu16_Timer1_Prescaler
                0x00800069        0x2 Timer.o
 .bss.gu8_Timer2_Prescaler
                0x0080006b        0x1 Timer.o
 *(COMMON)
                0x0080006c                PROVIDE (__bss_end, .)
                0x00000c74                __data_load_start = LOADADDR (.data)
                0x00000c76                __data_load_end = (__data_load_start + SIZEOF (.data))

.noinit         0x0080006c        0x0
                0x0080006c                PROVIDE (__noinit_start, .)
 *(.noinit*)
                0x0080006c                PROVIDE (__noinit_end, .)
                0x0080006c                _end = .
                0x0080006c                PROVIDE (__heap_start, .)

.eeprom         0x00810000        0x0
 *(.eeprom*)
                0x00810000                __eeprom_end = .

.fuse
 *(.fuse)
 *(.lfuse)
 *(.hfuse)
 *(.efuse)

.lock
 *(.lock*)

.signature
 *(.signature*)

.user_signatures
 *(.user_signatures*)

.stab           0x00000000      0x6cc
 *(.stab)
 .stab          0x00000000      0x6cc c:/program files (x86)/atmel/atmel toolchain/avr8 gcc/native/3.4.2.1002/avr8-gnu-toolchain/bin/../lib/gcc/avr/4.7.2/../../../../avr/lib/avr5/crtm32.o

.stabstr        0x00000000       0x97
 *(.stabstr)
 .stabstr       0x00000000       0x97 c:/program files (x86)/atmel/atmel toolchain/avr8 gcc/native/3.4.2.1002/avr8-gnu-toolchain/bin/../lib/gcc/avr/4.7.2/../../../../avr/lib/avr5/crtm32.o

.stab.excl
 *(.stab.excl)

.stab.exclstr
 *(.stab.exclstr)

.stab.index
 *(.stab.index)

.stab.indexstr
 *(.stab.indexstr)

.comment        0x00000000       0x2f
 *(.comment)
 .comment       0x00000000       0x2f CAR_2.o
                                 0x30 (size before relaxing)
 .comment       0x00000000       0x30 car_sm.o
 .comment       0x00000000       0x30 DIO.o
 .comment       0x00000000       0x30 ICU.o
 .comment       0x00000000       0x30 motor.o
 .comment       0x00000000       0x30 PWM.o
 .comment       0x00000000       0x30 softwareDelay.o
 .comment       0x00000000       0x30 Steering.o
 .comment       0x00000000       0x30 Timer.o
 .comment       0x00000000       0x30 Us.o

.debug
 *(.debug)

.line
 *(.line)

.debug_srcinfo
 *(.debug_srcinfo)

.debug_sfnames
 *(.debug_sfnames)

.debug_aranges  0x00000000      0x200
 *(.debug_aranges)
 .debug_aranges
                0x00000000       0x20 CAR_2.o
 .debug_aranges
                0x00000020       0x28 car_sm.o
 .debug_aranges
                0x00000048       0x38 DIO.o
 .debug_aranges
                0x00000080       0x38 ICU.o
 .debug_aranges
                0x000000b8       0x48 motor.o
 .debug_aranges
                0x00000100       0x38 PWM.o
 .debug_aranges
                0x00000138       0x28 softwareDelay.o
 .debug_aranges
                0x00000160       0x28 Steering.o
 .debug_aranges
                0x00000188       0x48 Timer.o
 .debug_aranges
                0x000001d0       0x30 Us.o

.debug_pubnames
 *(.debug_pubnames)

.debug_info     0x00000000     0x1bdb
 *(.debug_info)
 .debug_info    0x00000000      0x117 CAR_2.o
 .debug_info    0x00000117      0x27a car_sm.o
 .debug_info    0x00000391      0x1e1 DIO.o
 .debug_info    0x00000572      0x393 ICU.o
 .debug_info    0x00000905      0x5f6 motor.o
 .debug_info    0x00000efb      0x2a3 PWM.o
 .debug_info    0x0000119e      0x15d softwareDelay.o
 .debug_info    0x000012fb      0x292 Steering.o
 .debug_info    0x0000158d      0x35a Timer.o
 .debug_info    0x000018e7      0x2f4 Us.o
 *(.gnu.linkonce.wi.*)

.debug_abbrev   0x00000000      0x9a5
 *(.debug_abbrev)
 .debug_abbrev  0x00000000       0xa6 CAR_2.o
 .debug_abbrev  0x000000a6      0x131 car_sm.o
 .debug_abbrev  0x000001d7       0xd1 DIO.o
 .debug_abbrev  0x000002a8      0x154 ICU.o
 .debug_abbrev  0x000003fc      0x127 motor.o
 .debug_abbrev  0x00000523      0x113 PWM.o
 .debug_abbrev  0x00000636       0xa0 softwareDelay.o
 .debug_abbrev  0x000006d6       0xb7 Steering.o
 .debug_abbrev  0x0000078d      0x100 Timer.o
 .debug_abbrev  0x0000088d      0x118 Us.o

.debug_line     0x00000000      0x890
 *(.debug_line)
 .debug_line    0x00000000       0x6f CAR_2.o
 .debug_line    0x0000006f       0xaf car_sm.o
 .debug_line    0x0000011e      0x11f DIO.o
 .debug_line    0x0000023d       0xcb ICU.o
 .debug_line    0x00000308      0x129 motor.o
 .debug_line    0x00000431      0x102 PWM.o
 .debug_line    0x00000533       0x8a softwareDelay.o
 .debug_line    0x000005bd       0x99 Steering.o
 .debug_line    0x00000656      0x1a0 Timer.o
 .debug_line    0x000007f6       0x9a Us.o

.debug_frame    0x00000000      0x3f8
 *(.debug_frame)
 .debug_frame   0x00000000       0x24 CAR_2.o
 .debug_frame   0x00000024       0x44 car_sm.o
 .debug_frame   0x00000068       0x54 DIO.o
 .debug_frame   0x000000bc       0xac ICU.o
 .debug_frame   0x00000168       0x84 motor.o
 .debug_frame   0x000001ec       0x64 PWM.o
 .debug_frame   0x00000250       0x90 softwareDelay.o
 .debug_frame   0x000002e0       0x34 Steering.o
 .debug_frame   0x00000314       0x74 Timer.o
 .debug_frame   0x00000388       0x70 Us.o

.debug_str      0x00000000      0x626
 *(.debug_str)
 .debug_str     0x00000000       0xd4 CAR_2.o
                                0x108 (size before relaxing)
 .debug_str     0x000000d4       0x9b car_sm.o
                                0x1a0 (size before relaxing)
 .debug_str     0x0000016f       0x5a DIO.o
                                0x131 (size before relaxing)
 .debug_str     0x000001c9      0x14a ICU.o
                                0x261 (size before relaxing)
 .debug_str     0x00000313      0x128 motor.o
                                0x23b (size before relaxing)
 .debug_str     0x0000043b       0x80 PWM.o
                                0x1bd (size before relaxing)
 .debug_str     0x000004bb       0x45 softwareDelay.o
                                0x114 (size before relaxing)
 .debug_str     0x00000500       0x26 Steering.o
                                0x138 (size before relaxing)
 .debug_str     0x00000526       0xd1 Timer.o
                                0x220 (size before relaxing)
 .debug_str     0x000005f7       0x2f Us.o
                                0x1a5 (size before relaxing)

.debug_loc      0x00000000     0x146a
 *(.debug_loc)
 .debug_loc     0x00000000       0xa9 car_sm.o
 .debug_loc     0x000000a9      0x355 DIO.o
 .debug_loc     0x000003fe      0x23f ICU.o
 .debug_loc     0x0000063d      0x3d0 motor.o
 .debug_loc     0x00000a0d      0x347 PWM.o
 .debug_loc     0x00000d54      0x228 softwareDelay.o
 .debug_loc     0x00000f7c      0x12e Steering.o
 .debug_loc     0x000010aa      0x2de Timer.o
 .debug_loc     0x00001388       0xe2 Us.o

.debug_macinfo
 *(.debug_macinfo)

.debug_pubtypes
 *(.debug_pubtypes)

.debug_ranges   0x00000000      0x178
 *(.debug_ranges)
 .debug_ranges  0x00000000       0x10 CAR_2.o
 .debug_ranges  0x00000010       0x18 car_sm.o
 .debug_ranges  0x00000028       0x28 DIO.o
 .debug_ranges  0x00000050       0x28 ICU.o
 .debug_ranges  0x00000078       0x38 motor.o
 .debug_ranges  0x000000b0       0x28 PWM.o
 .debug_ranges  0x000000d8       0x30 softwareDelay.o
 .debug_ranges  0x00000108       0x18 Steering.o
 .debug_ranges  0x00000120       0x38 Timer.o
 .debug_ranges  0x00000158       0x20 Us.o

.debug_macro
 *(.debug_macro)
OUTPUT(CAR_2.elf elf32-avr)
LOAD linker stubs
